// Jest Snapshot v1, https://goo.gl/fbAQLP

exports[`PageHeader matches snapshot 1`] = `
<div>
  <div
    class="mb-6 flex flex-col sm:flex-row items-start sm:items-center justify-between gap-4"
  >
    <div
      class="flex items-center gap-3"
    >
      <svg
        aria-hidden="true"
        class="lucide lucide-house h-7 w-7 text-primary"
        fill="none"
        height="24"
        stroke="currentColor"
        stroke-linecap="round"
        stroke-linejoin="round"
        stroke-width="2"
        viewBox="0 0 24 24"
        width="24"
        xmlns="http://www.w3.org/2000/svg"
      >
        <path
          d="M15 21v-8a1 1 0 0 0-1-1h-4a1 1 0 0 0-1 1v8"
        />
        <path
          d="M3 10a2 2 0 0 1 .709-1.528l7-5.999a2 2 0 0 1 2.582 0l7 5.999A2 2 0 0 1 21 10v9a2 2 0 0 1-2 2H5a2 2 0 0 1-2-2z"
        />
      </svg>
      <div>
        <h1
          class="text-2xl font-bold tracking-tight text-foreground sm:text-3xl"
        >
          Snapshot Title
        </h1>
        <p
          class="text-muted-foreground mt-1"
        >
          Snapshot Description
        </p>
      </div>
    </div>
    <div
      class="flex gap-2 self-end sm:self-auto"
    >
      <button>
        Action
      </button>
    </div>
  </div>
</div>
`;
