{
  "options": [
    {
      "and": function () { [native code] },
      "array": function () { [native code] },
      "brand": function () { [native code] },
      "catch": function () { [native code] },
      "default": function () { [native code] },
      "describe": function () { [native code] },
      "isNullable": function () { [native code] },
      "isOptional": function () { [native code] },
      "nullable": function () { [native code] },
      "nullish": function () { [native code] },
      "optional": function () { [native code] },
      "or": function () { [native code] },
      "parse": function () { [native code] },
      "parseAsync": function () { [native code] },
      "pipe": function () { [native code] },
      "promise": function () { [native code] },
      "readonly": function () { [native code] },
      "refine": function () { [native code] },
      "refinement": function () { [native code] },
      "safeParse": function () { [native code] },
      "safeParseAsync": function () { [native code] },
      "spa": function () { [native code] },
      "superRefine": function () { [native code] },
      "transform": function () { [native code] },
      "~standard": {
        "validate": (data) => this["~validate"](data),
        "vendor": "zod",
        "version": 1
      }
    },
    {
      "and": function () { [native code] },
      "array": function () { [native code] },
      "brand": function () { [native code] },
      "catch": function () { [native code] },
      "default": function () { [native code] },
      "describe": function () { [native code] },
      "isNullable": function () { [native code] },
      "isOptional": function () { [native code] },
      "nullable": function () { [native code] },
      "nullish": function () { [native code] },
      "optional": function () { [native code] },
      "or": function () { [native code] },
      "parse": function () { [native code] },
      "parseAsync": function () { [native code] },
      "pipe": function () { [native code] },
      "promise": function () { [native code] },
      "readonly": function () { [native code] },
      "refine": function () { [native code] },
      "refinement": function () { [native code] },
      "safeParse": function () { [native code] },
      "safeParseAsync": function () { [native code] },
      "spa": function () { [native code] },
      "superRefine": function () { [native code] },
      "transform": function () { [native code] },
      "~standard": {
        "validate": (data) => this["~validate"](data),
        "vendor": "zod",
        "version": 1
      }
    },
    {
      "and": function () { [native code] },
      "array": function () { [native code] },
      "brand": function () { [native code] },
      "catch": function () { [native code] },
      "default": function () { [native code] },
      "describe": function () { [native code] },
      "isNullable": function () { [native code] },
      "isOptional": function () { [native code] },
      "nullable": function () { [native code] },
      "nullish": function () { [native code] },
      "optional": function () { [native code] },
      "or": function () { [native code] },
      "parse": function () { [native code] },
      "parseAsync": function () { [native code] },
      "pipe": function () { [native code] },
      "promise": function () { [native code] },
      "readonly": function () { [native code] },
      "refine": function () { [native code] },
      "refinement": function () { [native code] },
      "safeParse": function () { [native code] },
      "safeParseAsync": function () { [native code] },
      "spa": function () { [native code] },
      "superRefine": function () { [native code] },
      "transform": function () { [native code] },
      "~standard": {
        "validate": (data) => this["~validate"](data),
        "vendor": "zod",
        "version": 1
      }
    }
  ],
  "typeName": "ZodUnion"
}