{
  "checks": [
    {
      "kind": "uuid",
      "message": "Invalid UUID format"
    }
  ],
  "coerce": false,
  "typeName": "ZodString"
}